{
'project:custom/file-name/FileNameKO.feature':[
0,
],
'project:custom/file-name/file_name.kocustom.feature':[
0,
],
}
