{
'project:custom/bom/utf8-with-bom.feature':[
0,
],
}
