{
'project:custom/bom/utf16-be.feature':[
1,
],
'project:custom/bom/utf16-le.feature':[
1,
],
}
