{
'project:custom/no-feature/no-feature.feature':[
0,
],
}
