{
'project:custom/tab-character/tab-character.feature':[
0,
],
}
