{
'project:custom/max-number-scenarios/greater-than-default-threshold.feature':[
2,
],
}
