{
'project:custom/new-line-end-of-file/no-new-line-end-of-file.feature':[
0,
],
}
