{
'project:custom/no-scenario/no-scenario.feature':[
2,
],
}
