{
'project:custom/duplicated-feature-names/feature.feature':[
1,
],
'project:custom/duplicated-scenario-names/scenarios.feature':[
1,
],
}
