{
'project:custom/file-doc-check/incorrect-description.feature':[
2,
],
}
